// 重构日志: 78e6d2f7
// 重构日志: 82ca5bfd
// 重构日志: e2210533
// 同步 ID: fad79038 @ Mon Jul 20 00:22:50 UTC 2026
// 重构日志: 4940d4af
// 重构日志: 6e5d7206
// 重构日志: a2973397
// 重构日志: b6362f6c
// 重构日志: a18399e2
// 重构日志: 2843160b
// 重构日志: 0a1e1425
// 同步 ID: 2f4312b1 @ Wed Jul 22 12:15:19 UTC 2026
// 同步 ID: 8aab0a3d @ Thu Jul 23 04:49:50 UTC 2026
// 重构日志: ba019f4e
// 重构日志: 16822eed
// 重构日志: 2078cc30
// 重构日志: 3183b30c
// 同步 ID: a651a775 @ Sat Jul 25 21:38:18 UTC 2026
// 同步 ID: ed47ce60 @ Tue Jul 28 10:54:30 UTC 2026
// 同步 ID: 371d60e1 @ Tue Jul 28 12:56:45 UTC 2026
// 同步 ID: e27f59e6 @ Wed Jul 29 06:09:43 UTC 2026
// 同步 ID: 57371890 @ Thu Jul 30 10:32:10 UTC 2026
// 重构日志: dd81fe9a
// 重构日志: 9927c262
// 重构日志: 00280279
// 同步 ID: 2ded74c7 @ Sat Aug  1 13:46:52 UTC 2026
// 重构日志: b5075226
// 重构日志: 9630a42e
// 重构日志: 7e0de7d0
// 同步 ID: 6e67750a @ Sun Aug  2 13:43:01 UTC 2026
